// Jest Snapshot v1, https://goo.gl/fbAQLP

exports[`renders correctly 1`] = `
<button
  className="category_button selected_category_button"
  onClick="test.onClick"
/>
`;
